◇ injected env (4) from .env // tip: ⌘ suppress logs { quiet: true }
