====================================================================
  SimpleMarket · EIP-712 链下签名挂单 演练
====================================================================
  网络                  : sepolia（真实链，花测试币）
  chainId             : 11155111
  卖家(seller)          : 0xe3C2B262B0AbC952ff0a56868cf2B7A4E6AafCd8
  买家(buyer)           : 0xb9a429a3b101015DdeE57569360b73c36E646a32

--------------------------------------------------------------------
[步骤 0] 前置检查：余额 / 角色
--------------------------------------------------------------------
  卖家余额                : 0.101559151262716834 ETH
  买家余额                : 0.039019956023930565 ETH

--------------------------------------------------------------------
[步骤 1] 解析合约地址 + 只读预检
--------------------------------------------------------------------
  复用 MyNFT            : 0x75dbC0D7c06857E5c386dE1D7f8ab4Ab86aaF803
  复用 SimpleMarket     : 0xF7c46B53971D72f1a3E59627224bF6438059A1E9
  [OK] 市场合约支持 EIP-712（listingNonces 可读）
  平台手续费               : 250 bps = 2.5%
  版税                  : 0.00005 ETH → 0xe3C2B262...AafCd8
  卖家当前 nonce          : 0

--------------------------------------------------------------------
[步骤 2] 铸造两枚 NFT 给卖家
--------------------------------------------------------------------
  [OK] 铸造 #3 → 卖家（gas 253019）
  [OK] 铸造 #4 → 卖家（gas 253019）

--------------------------------------------------------------------
[步骤 3] 卖家 setApprovalForAll 全量授权市场
--------------------------------------------------------------------
  [OK] 已授权（gas 46315）—— 这是卖家唯一需要付 gas 的上链操作

--------------------------------------------------------------------
[步骤 4] 【链下】卖家签名 —— 零 gas、不上链
--------------------------------------------------------------------
  intent.nftContract  : 0x75dbC0D7c06857E5c386dE1D7f8ab4Ab86aaF803
  intent.tokenId      : 3
  intent.price        : 0.001 ETH
  intent.deadline     : 1788410652（2026/9/3 12:44:12）
  intent.nonce        : 0
  签名(signature)       : 0x25c9f22f24eb7a69bff5...6e01081b
  [OK] 摘要对齐一致 0xa676c97d9d9c9e91...

   >>> 签名已完成，卖家 gas 消耗 = 0 Wei，链上没有任何痕迹 <<<

--------------------------------------------------------------------
[步骤 5] 买家 fulfillListing 成交（故意多付，验证退款）
--------------------------------------------------------------------
  成交价                 : 0.001 ETH
  平台费 2.5%            : 0.000025 ETH（留在合约，owner 提）
  版税                  : 0.00005 ETH → 0xe3C2B262...AafCd8
  卖家应收                : 0.000925 ETH
  买家中支出               : 0.0012 ETH（含多付 0.0002 已退回）
  gasUsed             : 196475（买家承担 0.000215542022275025 ETH）
  卖家余额变化              : +0.000925 ETH
  买家余额变化              : -0.001215542022275025 ETH（含 gas）
  市场合约余额变化            : +0.000075 ETH
  [OK] NFT #3 已易主 → 买家
  [OK] 卖家 nonce：0 → 1（同一条签名再也用不了）

--------------------------------------------------------------------
[步骤 6] 重放同一条签名 → 应被拒绝
--------------------------------------------------------------------
