====================================================================
  SimpleMarket · EIP-712 链下签名挂单 演练
====================================================================
  网络                  : sepolia（真实链，花测试币）
  chainId             : 11155111
  卖家(seller)          : 0xe3C2B262B0AbC952ff0a56868cf2B7A4E6AafCd8
  买家(buyer)           : 0xb9a429a3b101015DdeE57569360b73c36E646a32

--------------------------------------------------------------------
[步骤 0] 前置检查：余额 / 角色
--------------------------------------------------------------------
  卖家余额                : 0.103579037680049816 ETH
  买家余额                : 0.034351912888712853 ETH

--------------------------------------------------------------------
[步骤 1] 解析合约地址 + 只读预检
--------------------------------------------------------------------
  复用 MyNFT            : 0x75dbC0D7c06857E5c386dE1D7f8ab4Ab86aaF803
  复用 SimpleMarket     : 0xF7c46B53971D72f1a3E59627224bF6438059A1E9
  [OK] 市场合约支持 EIP-712（listingNonces 可读）
  平台手续费               : 250 bps = 2.5%
  版税                  : 0.00005 ETH → 0xe3C2B262...AafCd8
  卖家当前 nonce          : 5

--------------------------------------------------------------------
[步骤 2] 铸造两枚 NFT 给卖家
--------------------------------------------------------------------
  [OK] 铸造 #9 → 卖家（gas 253019）
  [OK] 铸造 #10 → 卖家（gas 253019）

--------------------------------------------------------------------
[步骤 3] 卖家 setApprovalForAll 全量授权市场
--------------------------------------------------------------------
  [OK] 卖家此前已全量授权市场，跳过（授权长期有效，不用重复做）

--------------------------------------------------------------------
[步骤 4] 【链下】卖家签名 —— 零 gas、不上链
--------------------------------------------------------------------
  intent.nftContract  : 0x75dbC0D7c06857E5c386dE1D7f8ab4Ab86aaF803
  intent.tokenId      : 9
  intent.price        : 0.001 ETH
  intent.deadline     : 1788411276（2026/9/3 12:54:36）
  intent.nonce        : 5
  签名(signature)       : 0xa0348812b07e00898ad1...1ca3d51c
  [OK] 摘要对齐一致 0x7627a819c5dc8e01...

   >>> 签名已完成，卖家 gas 消耗 = 0 Wei，链上没有任何痕迹 <<<

--------------------------------------------------------------------
[步骤 5] 买家 fulfillListing 成交（故意多付，验证退款）
--------------------------------------------------------------------
  成交价                 : 0.001 ETH
  平台费 2.5%            : 0.000025 ETH（留在合约，owner 提）
  版税                  : 0.00005 ETH → 0xe3C2B262...AafCd8
  卖家应收                : 0.000925 ETH
  买家中支出               : 0.0012 ETH（含多付 0.0002 已退回）
  gasUsed             : 147975（买家承担 0.000161912953918125 ETH）
  卖家余额变化              : +0.000925 ETH
  买家余额变化              : -0.001161912953918125 ETH（含 gas）
  市场合约余额变化            : +0.000075 ETH
  [OK] NFT #9 已易主 → 买家
  [OK] 卖家 nonce：5 → 6（同一条签名再也用不了）

--------------------------------------------------------------------
[步骤 6] 重放同一条签名 → 应被拒绝
--------------------------------------------------------------------
  [OK] 原样重放旧签名 → 已被拒绝：InvalidNonce（nonce 与链上不一致）

--------------------------------------------------------------------
[步骤 7] 改价后重签（仍用已消耗的 nonce）→ 应被拒绝
--------------------------------------------------------------------
  [OK] 沿用旧 nonce 改价 → 已被拒绝：InvalidNonce（nonce 与链上不一致）

--------------------------------------------------------------------
[步骤 8] 过期签名（deadline 已过）→ 应被拒绝
--------------------------------------------------------------------
  [OK] 过期签名成交 → 已被拒绝：SignatureExpired（签名已过期）

--------------------------------------------------------------------
[步骤 9] 紧急下架：签好单 → 卖家 incrementNonce → 旧签名当场作废
--------------------------------------------------------------------
  [OK] 已为 #10 签好单（nonce 6），此刻签名仍然有效
  [OK] 卖家调用 incrementNonce（gas 28235）→ nonce 跳到 7
  [OK] incrementNonce 后使用旧签名 → 已被拒绝：InvalidNonce（nonce 与链上不一致）
   → 日常改价/下架根本不用这一步，在链下把签名撤掉即可（零成本）；
     这一步只用于「签名已泄露、需要一键全部作废」的应急场景。

--------------------------------------------------------------------
[步骤 10] 用新 nonce 重新签名 → 成交成功
--------------------------------------------------------------------
  [OK] #10 成交成功（gas 130866）
  [OK] 两次成交共用同一笔 setApprovalForAll 授权，卖家没有再花任何挂单 gas

--------------------------------------------------------------------
[步骤 11] 对照实验（真实网络跳过，省测试币）
--------------------------------------------------------------------
  [注意] 本地网络才会跑传统 list+buy 对照，链上为省币跳过

--------------------------------------------------------------------
[步骤 12] 汇总 + 资金守恒校验
--------------------------------------------------------------------
  累计平台费               : 0.00015 ETH
  版税池                 : 0.0003 ETH → 0xe3C2B262...AafCd8
  待领池(卖家/买家)          : 0.0 / 0.0 ETH
  市场合约余额              : 0.00045 ETH
  [OK] 资金守恒：合约余额 0.00045 = 平台费 0.00015 + 版税 0.0003 + 待领 0.0
   → 三个池子加起来正好等于合约实有余额，没有来路不明的钱。

====================================================================
  演练完成 · 关键结论
====================================================================
  1. 卖家全程只做了一笔上链操作：setApprovalForAll（一次性授权）
  2. 挂单 = 在链下签名，改价/下架 = 在链下改数据，全部零 gas
  3. 成交由买家发起，合约在成交时复检持有者与授权，安全性不打折
  4. 四道防线：nonce 单调 + deadline 过期 + 域分隔符 + 成交时复检
====================================================================
