============================================================
 部署 SimpleMarket（NFT 市场）
============================================================
  网络: sepolia (chainId: 11155111)
  部署者: 0xe3C2B262B0AbC952ff0a56868cf2B7A4E6AafCd8
  市场 owner: 0xe3C2B262B0AbC952ff0a56868cf2B7A4E6AafCd8
  平台手续费: 250 bps（2.50%）
  部署者余额: 0.104096134422439314 ETH

------------------------------------------------------------
 编译产物检查与部署中...
------------------------------------------------------------
  合约地址（已生成）: 0xF7c46B53971D72f1a3E59627224bF6438059A1E9
  等待部署交易上链...
  部署交易哈希: 0xfb5444dc050322ad89fd9329d06462c4867fd519181103ee3a09ea6fad78ff4a
  已确认: 区块 11624008 | gas 2460248
  [OK] 合约已部署

------------------------------------------------------------
 上链后回读校验
------------------------------------------------------------
  owner(): 0xe3C2B262B0AbC952ff0a56868cf2B7A4E6AafCd8
  feeBps(): 250
  MAX_FEE_BPS(): 1000
  accumulatedFees(): 0
  [OK] 链上状态与部署参数一致
  部署产物: deployments\simplemarket-sepolia.json

============================================================
 部署完成
============================================================
  SimpleMarket 地址：0xF7c46B53971D72f1a3E59627224bF6438059A1E9

  下一步：跑市场全流程演练
    npx hardhat run scripts/practice-market.js --network sepolia

  演练会覆盖：授权 → 挂单 → 购买 → 撤单 → 多付退款 → 提现手续费
  如果还没部署 NFT 合集，演练会提示你先部署 MyNFT。

  区块浏览器：https://sepolia.etherscan.io/address/0xF7c46B53971D72f1a3E59627224bF6438059A1E9

