============================================================
 NFT 市场「买家出价 / 议价」全流程演练
============================================================

----------------------------------------------------------------
[步骤 0] 前置检查：网络、角色与费率
----------------------------------------------------------------
  网络                : sepolia (chainId: 11155111)
  部署者 / 卖家          : 0xe3C2B262B0AbC952ff0a56868cf2B7A4E6AafCd8（PRIVATE_KEY，兼 NFT owner、市场 owner）
  买家 A              : 0xb9a429a3b101015DdeE57569360b73c36E646a32（PRIVATE_KEY_2）
  买家 B              : 0x38e1969A889bF4912919D4b93cdF3c06dC6cd72a（PRIVATE_KEY_3）
  买家 C              : 0xb9a429a3b101015DdeE57569360b73c36E646a32（复用买家 A，换一枚 tokenId 重演）
  合约出价者 D           : 脚本现场部署 RejectingOfferBidder，无需私钥
  平台手续费             : 250 bps（2.50%）
  NFT 版税            : 500 / 10000（5.00%）

  版税收款人             : 0xe3C2B262B0AbC952ff0a56868cf2B7A4E6AafCd8（即部署者本人，方便最后核对版税入账）
  [OK] 角色齐全（卖家 / 买家 A / 买家 B），完整双人出价流程可跑

----------------------------------------------------------------
[步骤 1] 解析已部署合约地址 + 只读预检（预检不花 gas）
----------------------------------------------------------------
  MyNFT 地址          : 0x75dbC0D7c06857E5c386dE1D7f8ab4Ab86aaF803 ← deployments\mynft-sepolia.json
  市场地址              : 0x3FeEf51d7a180C2DCA7C8CB2794F421132cF2FE8 ← deployments\simplemarket-sepolia.json
  [OK] 两个地址链上都有合约代码，ABI 挂载完成（没有重新部署）
  链上回读版税            : 1 ETH 成交应缴 0.05 ETH → 0xe3C2B262B0AbC952ff0a56868cf2B7A4E6AafCd8
  [OK] 合约就位，版税配置已生效（EIP-2981 royaltyInfo 可查）

  ── 只读预检 · 以下全部是 view 调用，不花费任何 gas ──
  MyNFT 回读          : 0x75dbC0D7c06857E5c386dE1D7f8ab4Ab86aaF803（代码 8251 字节）
  市场回读              : 0x3FeEf51d7a180C2DCA7C8CB2794F421132cF2FE8（代码 7425 字节）
  NFT owner         : 0xe3C2B262B0AbC952ff0a56868cf2B7A4E6AafCd8 （= 当前部署者，可铸造）
  市场 owner          : 0xe3C2B262B0AbC952ff0a56868cf2B7A4E6AafCd8 （= 当前部署者，可提平台费）
  铸造进度              : 已铸 0 / 上限 10000，下一个 tokenId = 1
  [OK] 铸造额度充足，接下来会铸出 #1 与 #2

  卖家/部署者余额          : 0.105612233634774101 ETH
  买家 A 余额           : 0.040716778790891273 ETH
  买家 B 余额           : 0.02 ETH
  卖家全量授权            : 未授权 → isApprovedForAll(卖家, 市场) = false（步骤 3 会补做）
  royaltyInfo(1 ETH): 应缴 0.05 ETH → 收款人 0xe3C2B262B0AbC952ff0a56868cf2B7A4E6AafCd8（分母 10000）

  买家 A 需备           : 0.0015 ETH
  买家 B 需备           : 0.003 ETH
  卖家需备              : 0.001 ETH（给合约 D 出价）+ 铸造、授权、拒绝等 gas
  本金合计              : 0.0055 ETH（各账户另需预留约 0.01 ETH gas）
  卖家/部署者 充足性        : 充足（余额 0.105612233634774101 vs 需要 0.001 + gas 预留 0.01）
  买家 A       充足性    : 充足（余额 0.040716778790891273 vs 需要 0.0015 + gas 预留 0.01）
  买家 B       充足性    : 充足（余额 0.02 vs 需要 0.003 + gas 预留 0.01）
  [OK] 预检通过：合约就位、余额充足 —— 从这里开始才真正花 gas

----------------------------------------------------------------
[步骤 2] 铸造 #1、#2 两枚 NFT 给卖家
----------------------------------------------------------------
  交易哈希              : 0x7c09078d89d39ae938f402ec10d1dc96017303cca0b7d23e3d40eb805dbb920e
  已确认               : 区块 11620218 | gas 264519
  交易哈希              : 0x6231a2d0ef4ae86621d627255894178e470db5243e59ccd6f4195f35ebe99b3e
  已确认               : 区块 11620221 | gas 253019
  #1 tokenId        : 1
  #2 tokenId        : 2
  [OK] #1 与 #2 已铸造给卖家

----------------------------------------------------------------
[步骤 3] 卖家 setApprovalForAll 全量授权市场
----------------------------------------------------------------
  交易哈希              : 0xb3c2f0b4648b1e3c54f84936ae320d0b6eeac109d2cc9f252d4af9793b901e7f
  已确认               : 区块 11620226 | gas 46315
  [OK] 市场已获得卖家名下全部 NFT 的转移权（acceptOffer 的硬性前提）

----------------------------------------------------------------
[步骤 4] 买家 A 与买家 B 同时对 #1 出价（验证多笔并存）
----------------------------------------------------------------
  A 出价              : 0.001 ETH
  交易哈希              : 0x49811a32ac032660bdef285f9fd6a8c3a4a99d10202a3e5a5b832e056b1b064a
  已确认               : 区块 11620227 | gas 74846
  B 出价              : 0.002 ETH（比 A 高，但不会挤掉 A）
  交易哈希              : 0x8182f2a09ecbb7993bebf27ea3c4926d5ccf34c72be6be0873daddaa8a5ac1ea
  已确认               : 区块 11620228 | gas 74846
  A 的托管额            : 0.001 ETH（出价对象 0xe3C2B262B0AbC952ff0a56868cf2B7A4E6AafCd8）
  B 的托管额            : 0.002 ETH（出价对象 0xe3C2B262B0AbC952ff0a56868cf2B7A4E6AafCd8）
  [OK] 两笔出价并存，互不覆盖 —— 映射按【出价人】分桶，不是按 NFT 分桶
  A 追加出价            : 0.0005 ETH → 累计 0.0015 ETH
  交易哈希              : 0xf6e68b728f069526de44ad4405683adeab6cfe6fac8e18120c6a7f4328106bce
  已确认               : 区块 11620230 | gas 29994
  [OK] 重复出价是累加（加价），想降价就先 withdrawOffer 再重新出价
  [OK] 0 金额出价被拒绝 → OfferAmountZero

----------------------------------------------------------------
[步骤 5] 出价总览与合约代管总额
----------------------------------------------------------------
  A 出价              : 0.0015 ETH
  B 出价              : 0.002 ETH
  代管合计              : 0.0035 ETH
  合约余额增量            : 0.0035 ETH（开局基线 0.0 ETH）
  [OK] ETH 真的躺在市场合约里托管，不在卖家、也不在任何中间人手上

  ── 资金守恒校验 · 出价并存期 ──
     代管 · A → #1                : 0.0015 ETH
     代管 · B → #1                : 0.002 ETH
     --------------------------------------------
     四项合计（应然）        : 0.0035 ETH
     合约余额增量（实然）    : 0.0035 ETH
  [OK] 守恒通过：合约里每一分钱都能说清来路（0.0035 ETH）

----------------------------------------------------------------
[步骤 6] 卖家接受买家 A 的出价（成交价 0.0015 ETH）→ 三方分账
----------------------------------------------------------------
  预估平台费             : 0.0000375 ETH（2.5%）
  预估版税              : 0.000075 ETH（5%）→ 0xe3C2B262B0AbC952ff0a56868cf2B7A4E6AafCd8
  卖家预估实得            : 0.0013875 ETH
  交易哈希              : 0x7b546c93bd00aa6422349d81de2c964d01b772c64d323a20b85414a2a154d168
  已确认               : 区块 11620232 | gas 175563

  平台费入账             : +0.0000375 ETH（留在合约，等 owner 提）
  版税入账              : +0.000075 ETH（留在合约，等收款人提）
  卖家实得              : +0.0013875 ETH（0xe3C2B262B0AbC952ff0a56868cf2B7A4E6AafCd8）
  卖家 gas 花费         : 0.000188206534264914 ETH

  [OK] 分账精确对上：0.0000375 + 0.000075 + 0.0013875 = 0.0015 ETH
  OfferAccepted     : price=0.0015 fee=0.0000375
  #1 持有者            : 0xb9a429a3b101015DdeE57569360b73c36E646a32
  [OK] NFT 已通过 safeTransferFrom 转给买家 A，钱货两清
  [OK] 被接受的那笔出价已清零，无法被二次成交

----------------------------------------------------------------
[步骤 7] 验证买家 B 的 0.002 ETH 未被清退 → B 自行 withdrawOffer 取回
----------------------------------------------------------------
  B 的托管额            : 0.002 ETH
  [OK] 成交【只清被接受的那一笔】—— 刻意不做批量退款，防的就是退款 DoS
  出价时的对象            : 0xe3C2B262B0AbC952ff0a56868cf2B7A4E6AafCd8
  当前持有者             : 0xb9a429a3b101015DdeE57569360b73c36E646a32
  [注意] NFT 已易主 → 这笔出价无法再被接受（StaleOffer），但取回不受任何影响
  交易哈希              : 0xe062aba05be6c97be8437da13a16e52c2cb465033039541a7cefdcc64d9f99c4
  已确认               : 区块 11620233 | gas 37407
  B 到账              : +0.002 ETH
  B gas 花费          : 0.000038134235247678 ETH
  [OK] 买家 B 全额取回，一分不少

----------------------------------------------------------------
[步骤 8] 买家 C 对 #2 出价 → 卖家 rejectOffer → 原路退回
----------------------------------------------------------------
  交易哈希              : 0x041a99c8e65991b0f5962d1cbc0bca745b22bacb5658249975b8fdad41bd2929
  已确认               : 区块 11620235 | gas 74846
  C 出价              : 0.0015 ETH
  交易哈希              : 0xc2aeb89fa2233cf148aaf296a6eb45d38d37a05f993afa487a904d54a322de31
  已确认               : 区块 11620236 | gas 44516
  事件 refunded       : true
  C 到账              : +0.0015 ETH
  [OK] 拒绝成功，钱原路退回 C，没有产生待领池记录

----------------------------------------------------------------
[步骤 9] 拒收 ETH 的合约出价者 D：退回失败 → 待领池（交易不 revert）→ D 领回
----------------------------------------------------------------
  合约出价者 D           : 0xb785D99439e75860C35d3020ef07a7876993DCcf
  D 的拒收开关           : true
  交易哈希              : 0xde39e18e76f44c0e1b6295a374bbfb35b81c23f3d2328fe3533da15b9fffd675
  已确认               : 区块 11620239 | gas 174021
  D 出价              : 0.001 ETH
  交易哈希              : 0xd8c3e9872de2f82357fbbe52af0e443ea831ded5e5ec6b2d207dd633e68cbf9f
  已确认               : 区块 11620240 | gas 69403
  事件 refunded       : false
  D 的待领池            : 0.001 ETH
  D 合约余额            : 0.0 ETH
  [OK] 交易没有 revert —— 卖家的处置权没被一个无关合约劫持（防 DoS 成功）
  [注意] 如果这里做成 revert，任何人都能用拒收合约出价，让卖家永远无法拒绝任何报价
  交易哈希              : 0x94de0ed9e237825d4a708c581ac905c213ed20452afccca3a4949be3d72ec0b6
  已确认               : 区块 11620241 | gas 21709
  [OK] D 已关闭拒收开关
  交易哈希              : 0xb5a43e9f730648a03748d7b923e323fd305bdb3d5ae39c4fb66465b23d7c11f7
  已确认               : 区块 11620243 | gas 91591
  D 到账              : +0.001 ETH
  D 待领池余额           : 0.0 ETH
  [OK] D 从待领池全额领回 —— 这就是 Pull Payment：收款能力与他人操作彻底解耦
  重入 withdrawOffer  : 成功？ false
  重入 withdrawPending: 成功？ false
  [OK] D 在 receive() 里趁机重入，被 nonReentrant 挡下

----------------------------------------------------------------
[步骤 10] 留一笔无人处理的悬空出价（B 对 #2 出价 0.001 ETH）
----------------------------------------------------------------
  交易哈希              : 0x06b297380293c7a87de82ce992a731c45329cc5129fcf637f8da341fe6779a55
  已确认               : 区块 11620244 | gas 74846
  [OK] 这笔钱会一直托管在合约里，直到 B 自己 withdrawOffer，或卖家接受/拒绝

----------------------------------------------------------------
[步骤 11] 汇总与最终资金守恒校验
----------------------------------------------------------------

  ── 资金守恒校验 · 最终结算态 ──
     代管 · B → #2(悬空)            : 0.001 ETH
     平台费                 : 0.0000375 ETH
     版税 · 版税收款人(部署者)         : 0.000075 ETH
     --------------------------------------------
     四项合计（应然）        : 0.0011125 ETH
     合约余额增量（实然）    : 0.0011125 ETH
  [OK] 守恒通过：合约里每一分钱都能说清来路（0.0011125 ETH）

  累计 gas 消耗         : 1507441
  #1 持有者            : 0xb9a429a3b101015DdeE57569360b73c36E646a32
  #2 持有者            : 0xe3C2B262B0AbC952ff0a56868cf2B7A4E6AafCd8
  本轮新增平台费           : 0.0000375 ETH（owner 可调 withdrawFees 提取）
  本轮新增版税            : 0.000075 ETH（收款人可调 withdrawRoyalties 提取）
  本轮合约余额增量          : 0.0011125 ETH

============================================================
 出价功能全流程演练完成
============================================================

  这次演练串起来的知识点：
    · 出价表按【出价人】分桶，同一枚 NFT 可以被任意多人同时出价
    · 重复出价是累加（加价）；要降价就先取回再重新出价
    · 出价的钱由合约托管，成交 / 撤回 / 拒绝三条路径都能把钱还回去
    · acceptOffer 与 buy 共用 _settleSale()，分账算法只有一份
    · 成交只清被接受的那一笔，其他人自己 withdrawOffer —— 拒绝批量退款
    · 退款失败不 revert，转待领池（Pull Payment），防的是 DoS
    · NFT 易主后旧出价自动失效（StaleOffer），但取回永远畅通
    · 合约余额 = 代管 + 待领池 + 平台费 + 版税，这个等式每次都要成立

  想看攻击面的另一面，跑单元测试里的恶意合约场景：
    npx hardhat test test/SimpleMarket.test.js

