============================================================
 NFT 市场「买家出价 / 议价」全流程演练
============================================================

----------------------------------------------------------------
[步骤 0] 前置检查：网络、角色与费率
----------------------------------------------------------------
  网络                : hardhat (chainId: 31337)
  部署者 / 卖家          : 0xf39Fd6e51aad88F6F4ce6aB8827279cffFb92266（PRIVATE_KEY，兼 NFT owner、市场 owner）
  买家 A              : 0x70997970C51812dc3A010C7d01b50e0d17dc79C8（PRIVATE_KEY_2）
  买家 B              : 0x3C44CdDdB6a900fa2b585dd299e03d12FA4293BC（PRIVATE_KEY_3）
  买家 C              : 0x70997970C51812dc3A010C7d01b50e0d17dc79C8（复用买家 A，换一枚 tokenId 重演）
  合约出价者 D           : 脚本现场部署 RejectingOfferBidder，无需私钥
  平台手续费             : 250 bps（2.50%）
  NFT 版税            : 500 / 10000（5.00%）

  版税收款人             : 0xf39Fd6e51aad88F6F4ce6aB8827279cffFb92266（即部署者本人，方便最后核对版税入账）
  [OK] 角色齐全（卖家 / 买家 A / 买家 B），完整双人出价流程可跑

----------------------------------------------------------------
[步骤 1] 解析已部署合约地址 + 只读预检（预检不花 gas）
----------------------------------------------------------------
  [注意] 未找到 deployments\simplemarket-hardhat.json
  [注意] 当前是本地网络 → 现场部署一套全新合约供演练使用（真实网络不会走这条回退路径）
  MyNFT 已部署         : 0x5FbDB2315678afecb367f032d93F642f64180aa3
  市场已部署             : 0xe7f1725E7734CE288F8367e1Bb143E90bb3F0512
  [OK] 本地回退部署完成（仅 hardhat / localhost 允许）
  链上回读版税            : 1 ETH 成交应缴 0.05 ETH → 0xf39Fd6e51aad88F6F4ce6aB8827279cffFb92266
  [OK] 合约就位，版税配置已生效（EIP-2981 royaltyInfo 可查）

  ── 只读预检 · 以下全部是 view 调用，不花费任何 gas ──
  MyNFT 回读          : 0x5FbDB2315678afecb367f032d93F642f64180aa3（代码 8251 字节）
  市场回读              : 0xe7f1725E7734CE288F8367e1Bb143E90bb3F0512（代码 7425 字节）
  NFT owner         : 0xf39Fd6e51aad88F6F4ce6aB8827279cffFb92266 （= 当前部署者，可铸造）
  市场 owner          : 0xf39Fd6e51aad88F6F4ce6aB8827279cffFb92266 （= 当前部署者，可提平台费）
  铸造进度              : 已铸 0 / 上限 100，下一个 tokenId = 1
  [OK] 铸造额度充足，接下来会铸出 #1 与 #2

  卖家/部署者余额          : 9999.996095755144045719 ETH
  买家 A 余额           : 10000.0 ETH
  买家 B 余额           : 10000.0 ETH
  卖家全量授权            : 未授权 → isApprovedForAll(卖家, 市场) = false（步骤 3 会补做）
  royaltyInfo(1 ETH): 应缴 0.05 ETH → 收款人 0xf39Fd6e51aad88F6F4ce6aB8827279cffFb92266（分母 10000）

  买家 A 需备           : 0.0015 ETH
  买家 B 需备           : 0.003 ETH
  卖家需备              : 0.001 ETH（给合约 D 出价）+ 铸造、授权、拒绝等 gas
  本金合计              : 0.0055 ETH（各账户另需预留约 0.01 ETH gas）
  卖家/部署者 充足性        : 充足（余额 9999.996095755144045719 vs 需要 0.001 + gas 预留 0.01）
  买家 A       充足性    : 充足（余额 10000.0 vs 需要 0.0015 + gas 预留 0.01）
  买家 B       充足性    : 充足（余额 10000.0 vs 需要 0.003 + gas 预留 0.01）
  [OK] 预检通过：合约就位、余额充足 —— 从这里开始才真正花 gas

----------------------------------------------------------------
[步骤 2] 铸造 #1、#2 两枚 NFT 给卖家
----------------------------------------------------------------
  交易哈希              : 0x8fbdf6c8bacf7b5e8421d5677e84323a886b0d05de98780808e725bf7d081ff1
  已确认               : 区块 3 | gas 264519
  交易哈希              : 0xb2e486ef5a5fd87e386ab9e02d9f8283d8f8e71235fccedbcf9d01ebf15d219f
  已确认               : 区块 4 | gas 253019
  #1 tokenId        : 1
  #2 tokenId        : 2
  [OK] #1 与 #2 已铸造给卖家

----------------------------------------------------------------
[步骤 3] 卖家 setApprovalForAll 全量授权市场
----------------------------------------------------------------
  交易哈希              : 0xc10f7369bf6b16dd89bd062429df58ed4301703557bf5de05acf2fafd588dda7
  已确认               : 区块 5 | gas 46315
  [OK] 市场已获得卖家名下全部 NFT 的转移权（acceptOffer 的硬性前提）

----------------------------------------------------------------
[步骤 4] 买家 A 与买家 B 同时对 #1 出价（验证多笔并存）
----------------------------------------------------------------
  A 出价              : 0.001 ETH
  交易哈希              : 0xfa8c4022891496bd43258202c13218f461572afa65f31394cbdefff0b6dfc310
  已确认               : 区块 6 | gas 74846
  B 出价              : 0.002 ETH（比 A 高，但不会挤掉 A）
  交易哈希              : 0xcb730bd4a238f2e26cec9990017c8675d836ebe77e778fe6cf9c1f4ff375ba6b
  已确认               : 区块 7 | gas 74846
  A 的托管额            : 0.001 ETH（出价对象 0xf39Fd6e51aad88F6F4ce6aB8827279cffFb92266）
  B 的托管额            : 0.002 ETH（出价对象 0xf39Fd6e51aad88F6F4ce6aB8827279cffFb92266）
  [OK] 两笔出价并存，互不覆盖 —— 映射按【出价人】分桶，不是按 NFT 分桶
  A 追加出价            : 0.0005 ETH → 累计 0.0015 ETH
  交易哈希              : 0x7d1664e1c8355160fe66b6f9d5a4b44532303cd3f445e33cf0c91cdab0af5bb1
  已确认               : 区块 8 | gas 29994
  [OK] 重复出价是累加（加价），想降价就先 withdrawOffer 再重新出价
  [OK] 0 金额出价被拒绝 → OfferAmountZero

----------------------------------------------------------------
[步骤 5] 出价总览与合约代管总额
----------------------------------------------------------------
  A 出价              : 0.0015 ETH
  B 出价              : 0.002 ETH
  代管合计              : 0.0035 ETH
  合约余额增量            : 0.0035 ETH（开局基线 0.0 ETH）
  [OK] ETH 真的躺在市场合约里托管，不在卖家、也不在任何中间人手上

  ── 资金守恒校验 · 出价并存期 ──
     代管 · A → #1                : 0.0015 ETH
     代管 · B → #1                : 0.002 ETH
     --------------------------------------------
     四项合计（应然）        : 0.0035 ETH
     合约余额增量（实然）    : 0.0035 ETH
  [OK] 守恒通过：合约里每一分钱都能说清来路（0.0035 ETH）

----------------------------------------------------------------
[步骤 6] 卖家接受买家 A 的出价（成交价 0.0015 ETH）→ 三方分账
----------------------------------------------------------------
  预估平台费             : 0.0000375 ETH（2.5%）
  预估版税              : 0.000075 ETH（5%）→ 0xf39Fd6e51aad88F6F4ce6aB8827279cffFb92266
  卖家预估实得            : 0.0013875 ETH
  交易哈希              : 0xc4fe665f7fd5e38bd07782001749e306c6383f8a9c57b77a87b899392f2cdcc5
  已确认               : 区块 10 | gas 175563

  平台费入账             : +0.0000375 ETH（留在合约，等 owner 提）
  版税入账              : +0.000075 ETH（留在合约，等收款人提）
  卖家实得              : +0.0013875 ETH（0xf39Fd6e51aad88F6F4ce6aB8827279cffFb92266）
  卖家 gas 花费         : 0.000059714194207923 ETH

  [OK] 分账精确对上：0.0000375 + 0.000075 + 0.0013875 = 0.0015 ETH
  OfferAccepted     : price=0.0015 fee=0.0000375
  #1 持有者            : 0x70997970C51812dc3A010C7d01b50e0d17dc79C8
  [OK] NFT 已通过 safeTransferFrom 转给买家 A，钱货两清
  [OK] 被接受的那笔出价已清零，无法被二次成交

----------------------------------------------------------------
[步骤 7] 验证买家 B 的 0.002 ETH 未被清退 → B 自行 withdrawOffer 取回
----------------------------------------------------------------
  B 的托管额            : 0.002 ETH
  [OK] 成交【只清被接受的那一笔】—— 刻意不做批量退款，防的就是退款 DoS
  出价时的对象            : 0xf39Fd6e51aad88F6F4ce6aB8827279cffFb92266
  当前持有者             : 0x70997970C51812dc3A010C7d01b50e0d17dc79C8
  [注意] NFT 已易主 → 这笔出价无法再被接受（StaleOffer），但取回不受任何影响
  交易哈希              : 0x51dbb835c2f787184881106df3b355615badfc0840b7599b9fc603817cd0ba43
  已确认               : 区块 11 | gas 37407
  B 到账              : +0.002 ETH
  B gas 花费          : 0.000011142135654612 ETH
  [OK] 买家 B 全额取回，一分不少

----------------------------------------------------------------
[步骤 8] 买家 C 对 #2 出价 → 卖家 rejectOffer → 原路退回
----------------------------------------------------------------
  交易哈希              : 0x4c648b5221fc3c36c43c1b1fc1b119d139de920b93937180751d4164828327cc
  已确认               : 区块 12 | gas 74846
  C 出价              : 0.0015 ETH
  交易哈希              : 0x3e38f72481993fc47915852c9723cbf2169ff6576208e71a40df6ce8d88826ac
  已确认               : 区块 13 | gas 44516
  事件 refunded       : true
  C 到账              : +0.0015 ETH
  [OK] 拒绝成功，钱原路退回 C，没有产生待领池记录

----------------------------------------------------------------
[步骤 9] 拒收 ETH 的合约出价者 D：退回失败 → 待领池（交易不 revert）→ D 领回
----------------------------------------------------------------
  合约出价者 D           : 0xa513E6E4b8f2a923D98304ec87F64353C4D5C853
  D 的拒收开关           : true
  交易哈希              : 0x548a960dc11750f1bc7e0d3cb1f1595887e6ca5d270de606df7e740aa431a9c3
  已确认               : 区块 15 | gas 174021
  D 出价              : 0.001 ETH
  交易哈希              : 0x397795857869fa707b08e7aeb8e881c6bc232d671bd6a1d1d1cbcba6f08e5ed0
  已确认               : 区块 16 | gas 69403
  事件 refunded       : false
  D 的待领池            : 0.001 ETH
  D 合约余额            : 0.0 ETH
  [OK] 交易没有 revert —— 卖家的处置权没被一个无关合约劫持（防 DoS 成功）
  [注意] 如果这里做成 revert，任何人都能用拒收合约出价，让卖家永远无法拒绝任何报价
  交易哈希              : 0x660dbf61a9131c2b24c1f39a862c977bda3958ffcb50dbdcadf90b758a21dcff
  已确认               : 区块 17 | gas 21709
  [OK] D 已关闭拒收开关
  交易哈希              : 0xa2e1b1f870fc87e735adb3f539f825564b74a01e2d399df50fa7627e872d4c8e
  已确认               : 区块 18 | gas 91591
  D 到账              : +0.001 ETH
  D 待领池余额           : 0.0 ETH
  [OK] D 从待领池全额领回 —— 这就是 Pull Payment：收款能力与他人操作彻底解耦
  重入 withdrawOffer  : 成功？ false
  重入 withdrawPending: 成功？ false
  [OK] D 在 receive() 里趁机重入，被 nonReentrant 挡下

----------------------------------------------------------------
[步骤 10] 留一笔无人处理的悬空出价（B 对 #2 出价 0.001 ETH）
----------------------------------------------------------------
  交易哈希              : 0x0eff97df473a11e5f15b7d9a3458e13037a524287da8f7ea0f09e8d98f1c2e25
  已确认               : 区块 19 | gas 74846
  [OK] 这笔钱会一直托管在合约里，直到 B 自己 withdrawOffer，或卖家接受/拒绝

----------------------------------------------------------------
[步骤 11] 汇总与最终资金守恒校验
----------------------------------------------------------------

  ── 资金守恒校验 · 最终结算态 ──
     代管 · B → #2(悬空)            : 0.001 ETH
     平台费                 : 0.0000375 ETH
     版税 · 版税收款人(部署者)         : 0.000075 ETH
     --------------------------------------------
     四项合计（应然）        : 0.0011125 ETH
     合约余额增量（实然）    : 0.0011125 ETH
  [OK] 守恒通过：合约里每一分钱都能说清来路（0.0011125 ETH）

  累计 gas 消耗         : 1507441
  #1 持有者            : 0x70997970C51812dc3A010C7d01b50e0d17dc79C8
  #2 持有者            : 0xf39Fd6e51aad88F6F4ce6aB8827279cffFb92266
  本轮新增平台费           : 0.0000375 ETH（owner 可调 withdrawFees 提取）
  本轮新增版税            : 0.000075 ETH（收款人可调 withdrawRoyalties 提取）
  本轮合约余额增量          : 0.0011125 ETH

============================================================
 出价功能全流程演练完成
============================================================

  这次演练串起来的知识点：
    · 出价表按【出价人】分桶，同一枚 NFT 可以被任意多人同时出价
    · 重复出价是累加（加价）；要降价就先取回再重新出价
    · 出价的钱由合约托管，成交 / 撤回 / 拒绝三条路径都能把钱还回去
    · acceptOffer 与 buy 共用 _settleSale()，分账算法只有一份
    · 成交只清被接受的那一笔，其他人自己 withdrawOffer —— 拒绝批量退款
    · 退款失败不 revert，转待领池（Pull Payment），防的是 DoS
    · NFT 易主后旧出价自动失效（StaleOffer），但取回永远畅通
    · 合约余额 = 代管 + 待领池 + 平台费 + 版税，这个等式每次都要成立

  想看攻击面的另一面，跑单元测试里的恶意合约场景：
    npx hardhat test test/SimpleMarket.test.js



===== STDERR =====


===== EXIT CODE: 0 =====
