多签治理本地链演练 —— 3 人共管，2 票放行

==================================================================
第 0 步：部署市场与多签
==================================================================
  市场 SimpleMarket : 0x5FbDB2315678afecb367f032d93F642f64180aa3
  市场当前 owner    : 0xf39Fd6e51aad88F6F4ce6aB8827279cffFb92266（deployer 单人掌控）
  多签 MultiSigOwner: 0xe7f1725E7734CE288F8367e1Bb143E90bb3F0512（3 人，阈值 2）
  成员 alice : 0x70997970C51812dc3A010C7d01b50e0d17dc79C8
  成员 bob   : 0x3C44CdDdB6a900fa2b585dd299e03d12FA4293BC
  成员 carol : 0x90F79bf6EB2c4f870365E785982E1f101E93b906

  已向多签账户充值 1 ETH（模拟市场手续费累积）
  多签余额：1.0 ETH

==================================================================
场景 1：只有 1 票就想花钱 —— 应该被拒绝
==================================================================
  · 提案 #0 [转 0.1 ETH 给 carol] → 票数 1/2，已执行：false
  [被拒] VM Exception while processing transaction: reverted with custom error 'BelowThreshold(1, 2)'
  结论：1/3 想动钱，合约直接拒绝 —— 单点故障已经被消灭

==================================================================
场景 2：bob 补上第二票 —— 达到阈值，办成
==================================================================
  · 提案 #0 [转 0.1 ETH 给 carol] → 票数 2/2，已执行：false
  [成功] 提案 #0 执行完毕（由 carol 代为触发）
  carol 余额变化：0.099966198165264802 ETH
  多签余额：0.9 ETH
  结论：2/3 通过即可执行；而且执行人不必须是成员（谁付 gas 都行）

==================================================================
场景 3：投了又反悔 —— 撤票后票数不足，办不成
==================================================================
  · 提案 #1 [转 0.2 ETH 给 bob] → 票数 2/2，已执行：false
  此时 bob 后悔了，撤掉自己那一票……
  · 提案 #1 [转 0.2 ETH 给 bob] → 票数 1/2，已执行：false
  [被拒] VM Exception while processing transaction: reverted with custom error 'BelowThreshold(1, 2)'
  结论：执行前随时可以反悔，这就是撤票机制（revoke）的价值

==================================================================
场景 4：把市场 owner 移交给多签（两步走）
==================================================================
  第 1 步：现任 owner（deployer）提名多签 —— 注意 owner 此时不变
    pendingOwner = 0xe7f1725E7734CE288F8367e1Bb143E90bb3F0512
    owner        = 0xf39Fd6e51aad88F6F4ce6aB8827279cffFb92266（还是 deployer）

  第 2 步：多签内部投票，通过后再 acceptOwnership
  · 提案 #2 [acceptOwnership()] → 票数 2/2，已执行：false
  [成功] 提案 #2 执行完毕

  移交后 市场的 owner = 0xe7f1725E7734CE288F8367e1Bb143E90bb3F0512
  是不是多签地址？是，接管成功

==================================================================
场景 5：移交后，原来的单人账号还有特权吗？
==================================================================
  deployer 想直接把费率改成 999 bps（约 10%）……
  [被拒] VM Exception while processing transaction: reverted with custom error 'OwnableUnauthorizedAccount("0xf39Fd6e51aad88F6F4ce6aB8827279cffFb92266")'
  结论：老账号彻底失去特权 —— 这正是多签要的效果

==================================================================
场景 6：多签接手治理 —— 走流程改费率
==================================================================
  改之前费率：250 bps
  · 提案 #3 [setFeeBps(300)] → 票数 1/2，已执行：false
  只有 alice 一票时，费率不会变（提案卡住）……
  · 提案 #3 [setFeeBps(300)] → 票数 2/2，已执行：false
  [成功] 提案 #3 执行完毕
  改之后费率：300 bps

==================================================================
最终状态
==================================================================
  市场 owner        : 0xe7f1725E7734CE288F8367e1Bb143E90bb3F0512
  市场费率          : 300 bps
  市场是否暂停      : false
  多签成员数        : 3 人，阈值 2
  多签累计提案      : 4 笔
  多签余额          : 0.9 ETH

演练结束。以上全部发生在本地模拟链，没有花一分钱真钱。

