◇ injected env (0) from .env // tip: ⌁ auth for agents [www.vestauth.com]
市场 owner 移交多签 —— Sepolia 实战
==================================================================
  市场       : 0x71450D767f2b83722b88164316d7308DB20A39c8
  多签       : 0xC6b85AbB9A0c00495d75C8C52Ad922DD9B045317
  现任 owner : 0xe3C2B262B0AbC952ff0a56868cf2B7A4E6AafCd8
  账号 1     : 0xe3C2B262B0AbC952ff0a56868cf2B7A4E6AafCd8
  账号 2     : 0xb9a429a3b101015DdeE57569360b73c36E646a32
  账号 3     : 0x38e1969A889bF4912919D4b93cdF3c06dC6cd72a

第 1 步：账号 1 提名多签接任（transferOwnership）
  ✓ 提名已上链
    txHash 0x5b206a39943c107efe34fef870b2f870cb0e2086a1d283ef0078419d79e5500a
    https://sepolia.etherscan.io/tx/0x5b206a39943c107efe34fef870b2f870cb0e2086a1d283ef0078419d79e5500a   (区块 11638095, gas 47813)
  pendingOwner = 0xC6b85AbB9A0c00495d75C8C52Ad922DD9B045317
  owner        = 0xe3C2B262B0AbC952ff0a56868cf2B7A4E6AafCd8 （还是账号 1 —— 两步走的关键）

第 2 步：多签内部投票，通过后才 acceptOwnership
  当前提案总数： 0
  ✓ 账号 1 提交提案 #0（提交即投第一票）
    txHash 0x578b655fc245309b3a5beeaa3ce3f0ef4265d4864b5587ccabffb99b75caed77
    https://sepolia.etherscan.io/tx/0x578b655fc245309b3a5beeaa3ce3f0ef4265d4864b5587ccabffb99b75caed77   (区块 11638096, gas 146756)
    票数 1/2，已执行 false
  ✓ 账号 2 补上第二票
    txHash 0x1c1d2bf25b6278e9f6691ec47bc8badb058814ba2dabfb7e7db65cefcf737215
    https://sepolia.etherscan.io/tx/0x1c1d2bf25b6278e9f6691ec47bc8badb058814ba2dabfb7e7db65cefcf737215   (区块 11638098, gas 58143)
    票数 2/2，已执行 false
  ✓ 账号 1 触发执行
    txHash 0x23c34e73b51a3e6f624a776ba10bc737a3d33f1b8040aefd322159197b9a4c93
    https://sepolia.etherscan.io/tx/0x23c34e73b51a3e6f624a776ba10bc737a3d33f1b8040aefd322159197b9a4c93   (区块 11638099, gas 69746)
    票数 2/2，已执行 true

第 3 步：验证结果
  市场 owner   : 0xC6b85AbB9A0c00495d75C8C52Ad922DD9B045317
  是否为多签   : 是，接管成功 ✓

  账号 1 想绕过多签，直接把费率改成 999 bps（约 10%）……
  [被拒] execution reverted
  结论：老账号彻底失去特权 —— 以后改费率必须两个人点头。

最终状态
  市场 owner : 0xC6b85AbB9A0c00495d75C8C52Ad922DD9B045317
  市场费率   : 250n bps
  多签阈值   : 2n
  多签提案数 : 1n

https://sepolia.etherscan.io/address/0x71450D767f2b83722b88164316d7308DB20A39c8
https://sepolia.etherscan.io/address/0xC6b85AbB9A0c00495d75C8C52Ad922DD9B045317

