=== 构造参数校验：本地编码 vs 链上部署交易 ===

  MyNFT:
    链上参数: 0x000000000000000000000000e3c2b262b0abc952ff0a56868cf2b7a4e6aafcd8...
    本地参数: 0x000000000000000000000000e3c2b262b0abc952ff0a56868cf2b7a4e6aafcd8...
    比对结果: 一致 ✓

  SimpleMarket: 自动定位到部署交易 0xfe906b9d16ca65b59019950d3dd28e70e3ca64e653e31aa3e153a0dae7e0ac3d
  SimpleMarket:
    链上参数: 0x000000000000000000000000e3c2b262b0abc952ff0a56868cf2b7a4e6aafcd8...
    本地参数: 0x000000000000000000000000e3c2b262b0abc952ff0a56868cf2b7a4e6aafcd8...
    比对结果: 一致 ✓

  MultiSigOwner:
    链上参数: 0x0000000000000000000000000000000000000000000000000000000000000040...
    本地参数: 0x0000000000000000000000000000000000000000000000000000000000000040...
    比对结果: 一致 ✓

  MarketTimelock:
    链上参数: 0x000000000000000000000000000000000000000000000000000000000000012c...
    本地参数: 0x000000000000000000000000000000000000000000000000000000000000012c...
    比对结果: 一致 ✓

=== 结论 ===
  四个合约的构造参数全部与链上一致，验证包可以直接上传
