========================================================================
时间锁治理全流程演练（本地链 · 零 gas）
========================================================================
部署者(原 owner): 0xf39Fd6e51aad88F6F4ce6aB8827279cffFb92266
多签成员: alice=0x70997970C51812dc3A010C7d01b50e0d17dc79C8 / bob=0x3C44CdDdB6a900fa2b585dd299e03d12FA4293BC / carol=0x90F79bf6EB2c4f870365E785982E1f101E93b906
外部账号(无关人员): 0x15d34AAf54267DB7D7c367839AAf71A00a2C6A65
公示延迟 DELAY = 3600 秒

[阶段 0] 部署三件套
  SimpleMarket      : 0x5FbDB2315678afecb367f032d93F642f64180aa3
  MultiSigOwner     : 0xe7f1725E7734CE288F8367e1Bb143E90bb3F0512
  MarketTimelock    : 0x9fE46736679d2D9a65F0992F2272dE9f3c7fa6e0
  [PASS] 市场初始费率正确 — feeBps=250
  [PASS] 多签阈值为 2
  [PASS] 时间锁最小延迟 = DELAY
  [PASS] 多签拥有 PROPOSER_ROLE
  [PASS] 多签同时拥有 CANCELLER_ROLE
  [PASS] 执行权限对所有人开放 (address(0) 持有 EXECUTOR_ROLE)
  [PASS] 未留管理员后门 (deployer 无 ADMIN_ROLE)

[阶段 1] 多签先接管市场（owner: deployer → 多签）
  [PASS] 提名后 pendingOwner = 多签
  [PASS] 提名期间老 owner 仍是 deployer
  [PASS] 多签已成为市场 owner — owner=0xe7f1725E7734CE288F8367e1Bb143E90bb3F0512
  [PASS] 老账号 deployer 已不能直接改费率 — 已拒绝 (OwnableUnauthorizedAccount)

[阶段 2] 多签把 owner 移交给时间锁（提名 + 时间锁自己接受）
  [PASS] pendingOwner 已指向时间锁
  [PASS] 移交公示期间 owner 仍是多签（权力未真空）
  [PASS] 操作已进入 Waiting 状态 — state=1 (0=Unset 1=Waiting 2=Ready 3=Done)
  -- 未到期就执行，应当被拒 --
  [PASS] 公示期内执行被拒 — 已拒绝 (TimelockUnexpectedOperationState)
  -- 快进 3601 秒 --
  [PASS] 到期后操作变为 Ready — state=2
  -- 由完全无关的外部账号触发执行（验证开放执行人）--
  [PASS] 时间锁正式成为市场 owner — owner=0x9fE46736679d2D9a65F0992F2272dE9f3c7fa6e0
  [PASS] 操作状态变为 Done — state=3

[阶段 3] 治理实战：改费率 250 → 300 bps
  [PASS] 单人(1票)执行排队提案被拒 — 已拒绝 (BelowThreshold)
  [PASS] 无关人员直接调 schedule 被拒 — 已拒绝 (AccessControlUnauthorizedAccount)
  [PASS] 多签单个成员(非合约)直接 schedule 被拒 — 已拒绝 (AccessControlUnauthorizedAccount)
  [PASS] 公示期内费率保持原值 — feeBps=250
  -- 快进 3601 秒 --
  [PASS] 到期执行后费率已生效 — feeBps=300
  [PASS] 重复执行同一操作被拒

[阶段 3b] 紧急暂停同样走时间锁
  [PASS] 市场已暂停 — paused=true

[阶段 4] 撤销演示：公示期内发现问题，多签可以反悔
  [PASS] 恶意操作已排队
  [PASS] 恶意操作已被撤销
  [PASS] 被撤销的操作即使到期也无法执行 — 已拒绝 (TimelockUnexpectedOperationState)

[阶段 5] 收尾：全部改回原值，零残留
  [PASS] 费率已还原 — feeBps=250
  [PASS] 市场已解除暂停 — paused=false
  [PASS] owner 稳定在时间锁

========================================================================
演练结果：31 项通过 / 0 项失败
全部通过 —— 多签 + 时间锁双层治理链路完整可用
========================================================================
市场地址   : 0x5FbDB2315678afecb367f032d93F642f64180aa3
多签地址   : 0xe7f1725E7734CE288F8367e1Bb143E90bb3F0512
时间锁地址 : 0x9fE46736679d2D9a65F0992F2272dE9f3c7fa6e0
治理链路   : 成员提交 → 2票通过 → 排队公示 3600s → 任何人执行
