'npx hardhat clean' running (wd: C:\Users\Administrator\Desktop\web3-contract-project)
'npx hardhat clean --global' running (wd: C:\Users\Administrator\Desktop\web3-contract-project)
'npx hardhat compile --force' running (wd: C:\Users\Administrator\Desktop\web3-contract-project)
INFO:Detectors:
Detector: arbitrary-send-eth
SimpleMarket._settleSale(address,uint256,address,address,uint256) (contracts/SimpleMarket.sol#871-903) sends eth to arbitrary user
	Dangerous calls:
	- (ok,None) = address(seller).call{value: sellerProceeds}() (contracts/SimpleMarket.sol#899)
MaliciousBuyer.attack(address,address,uint256,uint256) (contracts/mocks/MaliciousActors.sol#46-52) sends eth to arbitrary user
	Dangerous calls:
	- market.buy{value: price_}(nftAddr,tokenId_) (contracts/mocks/MaliciousActors.sol#51)
MaliciousBuyer.onERC721Received(address,address,uint256,bytes) (contracts/mocks/MaliciousActors.sol#61-75) sends eth to arbitrary user
	Dangerous calls:
	- market.buy{value: price}(nft,tokenId) (contracts/mocks/MaliciousActors.sol#69-73)
FulfillListingProbe.onERC721Received(address,address,uint256,bytes) (contracts/mocks/MaliciousActors.sol#720-745) sends eth to arbitrary user
	Dangerous calls:
	- (ok,data) = address(market).call{value: address(this).balance}(callData) (contracts/mocks/MaliciousActors.sol#734-736)
Reference: https://github.com/crytic/slither/wiki/Detector-Documentation#functions-that-send-ether-to-arbitrary-destinations
INFO:Detectors:
Detector: locked-ether
Contract locking ether found:
	Contract RejectingSeller (contracts/mocks/MaliciousActors.sol#92-122) has payable functions:
	 - RejectingSeller.receive() (contracts/mocks/MaliciousActors.sol#117-121)
	But does not have a function to withdraw the ether
Contract locking ether found:
	Contract EthRejectingReceiver (contracts/mocks/MaliciousActors.sol#213-227) has payable functions:
	 - EthRejectingReceiver.receive() (contracts/mocks/MaliciousActors.sol#218-221)
	 - EthRejectingReceiver.fallback() (contracts/mocks/MaliciousActors.sol#224-226)
	But does not have a function to withdraw the ether
Contract locking ether found:
	Contract ReenteringFeeReceiver (contracts/mocks/MaliciousActors.sol#303-328) has payable functions:
	 - ReenteringFeeReceiver.receive() (contracts/mocks/MaliciousActors.sol#318-327)
	But does not have a function to withdraw the ether
Contract locking ether found:
	Contract ReenteringOwner (contracts/mocks/MaliciousActors.sol#343-379) has payable functions:
	 - ReenteringOwner.receive() (contracts/mocks/MaliciousActors.sol#369-378)
	But does not have a function to withdraw the ether
Contract locking ether found:
	Contract RoyaltyRejectingReceiver (contracts/mocks/MaliciousActors.sol#424-442) has payable functions:
	 - RoyaltyRejectingReceiver.receive() (contracts/mocks/MaliciousActors.sol#434-437)
	 - RoyaltyRejectingReceiver.fallback() (contracts/mocks/MaliciousActors.sol#439-441)
	But does not have a function to withdraw the ether
Contract locking ether found:
	Contract ReenteringRoyaltyReceiver (contracts/mocks/MaliciousActors.sol#456-490) has payable functions:
	 - ReenteringRoyaltyReceiver.receive() (contracts/mocks/MaliciousActors.sol#479-489)
	But does not have a function to withdraw the ether
Reference: https://github.com/crytic/slither/wiki/Detector-Documentation#contracts-that-lock-ether
INFO:Detectors:
Detector: missing-zero-check
MaliciousBuyer.attack(address,address,uint256,uint256).nftAddr (contracts/mocks/MaliciousActors.sol#46) lacks a zero-check on :
		- nft = nftAddr (contracts/mocks/MaliciousActors.sol#48)
RefundRejectingBuyer.attack(address,address,uint256).nftAddr (contracts/mocks/MaliciousActors.sol#169) lacks a zero-check on :
		- nft = nftAddr (contracts/mocks/MaliciousActors.sol#171)
ReentrancyProbe.attack(address,address,uint256).nftAddr (contracts/mocks/MaliciousActors.sol#277) lacks a zero-check on :
		- nft = nftAddr (contracts/mocks/MaliciousActors.sol#279)
RejectingOfferBidder.makeOffer(address,address,uint256).nftAddr (contracts/mocks/MaliciousActors.sol#531) lacks a zero-check on :
		- nft = nftAddr (contracts/mocks/MaliciousActors.sol#533)
ReenteringOfferBidder.makeOffer(address,address,uint256).nftAddr (contracts/mocks/MaliciousActors.sol#623) lacks a zero-check on :
		- nft = nftAddr (contracts/mocks/MaliciousActors.sol#625)
FulfillListingProbe.attack(address,SimpleMarket.ListingIntent,address,bytes).seller_ (contracts/mocks/MaliciousActors.sol#710) lacks a zero-check on :
		- seller = seller_ (contracts/mocks/MaliciousActors.sol#715)
Reference: https://github.com/crytic/slither/wiki/Detector-Documentation#missing-zero-address-validation
INFO:Detectors:
Detector: reentrancy-benign
Reentrancy in MyNFT._mintInternal(address,string) (contracts/MyNFT.sol#229-245):
	External calls:
	- _safeMint(to,tokenId) (contracts/MyNFT.sol#243)
		- ERC721Utils.checkOnERC721Received(_msgSender(),address(0),to,tokenId,data) (node_modules/@openzeppelin/contracts/token/ERC721/ERC721.sol#289)
		- retval = IERC721Receiver(to).onERC721Received(operator,from,tokenId,data) (node_modules/@openzeppelin/contracts/token/ERC721/utils/ERC721Utils.sol#33-47)
	State variables written after the call(s):
	- _setTokenURI(tokenId,uri) (contracts/MyNFT.sol#244)
		- _tokenURIs[tokenId] = _tokenURI (node_modules/@openzeppelin/contracts/token/ERC721/extensions/ERC721URIStorage.sol#52)
Reentrancy in RejectingOfferBidder._probe(bytes,bool) (contracts/mocks/MaliciousActors.sol#558-573):
	External calls:
	- (ok,data) = address(market).call(callData) (contracts/mocks/MaliciousActors.sol#559)
	State variables written after the call(s):
	- pendingReentryRevertData = data (contracts/mocks/MaliciousActors.sol#564)
	- pendingReentrySucceeded = true (contracts/mocks/MaliciousActors.sol#562)
	- withdrawReentryRevertData = data (contracts/mocks/MaliciousActors.sol#570)
	- withdrawReentrySucceeded = true (contracts/mocks/MaliciousActors.sol#568)
Reentrancy in MyNFT.adminMintWithTokenId(address,uint256,string) (contracts/MyNFT.sol#220-226):
	External calls:
	- _safeMint(to,tokenId) (contracts/MyNFT.sol#224)
		- ERC721Utils.checkOnERC721Received(_msgSender(),address(0),to,tokenId,data) (node_modules/@openzeppelin/contracts/token/ERC721/ERC721.sol#289)
		- retval = IERC721Receiver(to).onERC721Received(operator,from,tokenId,data) (node_modules/@openzeppelin/contracts/token/ERC721/utils/ERC721Utils.sol#33-47)
	State variables written after the call(s):
	- _setTokenURI(tokenId,uri) (contracts/MyNFT.sol#225)
		- _tokenURIs[tokenId] = _tokenURI (node_modules/@openzeppelin/contracts/token/ERC721/extensions/ERC721URIStorage.sol#52)
Reentrancy in MaliciousBuyer.onERC721Received(address,address,uint256,bytes) (contracts/mocks/MaliciousActors.sol#61-75):
	External calls:
	- market.buy{value: price}(nft,tokenId) (contracts/mocks/MaliciousActors.sol#69-73)
	State variables written after the call(s):
	- reentrySucceeded = true (contracts/mocks/MaliciousActors.sol#70)
Reentrancy in ReentrancyProbe.onERC721Received(address,address,uint256,bytes) (contracts/mocks/MaliciousActors.sol#258-274):
	External calls:
	- (ok,data) = address(market).call{value: price}(abi.encodeWithSignature(buy(address,uint256),nft,tokenId)) (contracts/mocks/MaliciousActors.sol#265-267)
	State variables written after the call(s):
	- reentryRevertData = data (contracts/mocks/MaliciousActors.sol#271)
	- reentrySucceeded = true (contracts/mocks/MaliciousActors.sol#269)
Reentrancy in ReenteringOfferBidder.onERC721Received(address,address,uint256,bytes) (contracts/mocks/MaliciousActors.sol#631-665):
	External calls:
	- (ok,data) = address(market).call(abi.encodeWithSignature(acceptOffer(address,uint256,address),nft,tokenId,address(this))) (contracts/mocks/MaliciousActors.sol#635-642)
	State variables written after the call(s):
	- reentryRevertData = data (contracts/mocks/MaliciousActors.sol#646)
	- reentrySucceeded = true (contracts/mocks/MaliciousActors.sol#644)
Reentrancy in ReenteringOfferBidder.onERC721Received(address,address,uint256,bytes) (contracts/mocks/MaliciousActors.sol#631-665):
	External calls:
	- (ok,data) = address(market).call(abi.encodeWithSignature(acceptOffer(address,uint256,address),nft,tokenId,address(this))) (contracts/mocks/MaliciousActors.sol#635-642)
	- (rejectOk,rejectData) = address(market).call(abi.encodeWithSignature(rejectOffer(address,uint256,address),nft,tokenId,address(this))) (contracts/mocks/MaliciousActors.sol#651-658)
	State variables written after the call(s):
	- rejectReentryRevertData = rejectData (contracts/mocks/MaliciousActors.sol#662)
	- rejectReentrySucceeded = true (contracts/mocks/MaliciousActors.sol#660)
Reentrancy in FulfillListingProbe.onERC721Received(address,address,uint256,bytes) (contracts/mocks/MaliciousActors.sol#720-745):
	External calls:
	- (ok,data) = address(market).call{value: address(this).balance}(callData) (contracts/mocks/MaliciousActors.sol#734-736)
	State variables written after the call(s):
	- reentryRevertData = data (contracts/mocks/MaliciousActors.sol#740)
	- reentrySucceeded = true (contracts/mocks/MaliciousActors.sol#738)
Reentrancy in ReenteringFeeReceiver.receive() (contracts/mocks/MaliciousActors.sol#318-327):
	External calls:
	- (ok,data) = address(market).call(abi.encodeWithSignature(withdrawFees(address),address(this))) (contracts/mocks/MaliciousActors.sol#319-321)
	State variables written after the call(s):
	- reentryRevertData = data (contracts/mocks/MaliciousActors.sol#325)
	- reentrySucceeded = true (contracts/mocks/MaliciousActors.sol#323)
Reentrancy in ReenteringOwner.receive() (contracts/mocks/MaliciousActors.sol#369-378):
	External calls:
	- (ok,data) = address(market).call(abi.encodeWithSignature(withdrawFees(address),address(this))) (contracts/mocks/MaliciousActors.sol#370-372)
	State variables written after the call(s):
	- reentryRevertData = data (contracts/mocks/MaliciousActors.sol#376)
	- reentrySucceeded = true (contracts/mocks/MaliciousActors.sol#374)
Reentrancy in ReenteringRoyaltyReceiver.receive() (contracts/mocks/MaliciousActors.sol#479-489):
	External calls:
	- (ok,data) = address(market).call(abi.encodeWithSignature(withdrawRoyalties())) (contracts/mocks/MaliciousActors.sol#481-483)
	State variables written after the call(s):
	- reentryRevertData = data (contracts/mocks/MaliciousActors.sol#487)
	- reentrySucceeded = true (contracts/mocks/MaliciousActors.sol#485)
Reentrancy in RejectingOfferBidder.receive() (contracts/mocks/MaliciousActors.sol#576-587):
	External calls:
	- _probe(abi.encodeWithSignature(withdrawOffer(address,uint256),nft,tokenId),false) (contracts/mocks/MaliciousActors.sol#581-584)
		- (ok,data) = address(market).call(callData) (contracts/mocks/MaliciousActors.sol#559)
	- _probe(abi.encodeWithSignature(withdrawPendingFunds()),true) (contracts/mocks/MaliciousActors.sol#585)
		- (ok,data) = address(market).call(callData) (contracts/mocks/MaliciousActors.sol#559)
	State variables written after the call(s):
	- _probe(abi.encodeWithSignature(withdrawPendingFunds()),true) (contracts/mocks/MaliciousActors.sol#585)
		- pendingReentryRevertData = data (contracts/mocks/MaliciousActors.sol#564)
	- _probe(abi.encodeWithSignature(withdrawPendingFunds()),true) (contracts/mocks/MaliciousActors.sol#585)
		- pendingReentrySucceeded = true (contracts/mocks/MaliciousActors.sol#562)
	- _probe(abi.encodeWithSignature(withdrawPendingFunds()),true) (contracts/mocks/MaliciousActors.sol#585)
		- withdrawReentryRevertData = data (contracts/mocks/MaliciousActors.sol#570)
	- _probe(abi.encodeWithSignature(withdrawPendingFunds()),true) (contracts/mocks/MaliciousActors.sol#585)
		- withdrawReentrySucceeded = true (contracts/mocks/MaliciousActors.sol#568)
Reentrancy in SimpleMarket.rejectOffer(address,uint256,address) (contracts/SimpleMarket.sol#754-780):
	External calls:
	- (ok,None) = address(bidder).call{value: amount}() (contracts/SimpleMarket.sol#772)
	State variables written after the call(s):
	- pendingWithdrawals[bidder] += amount (contracts/SimpleMarket.sol#775)
Reference: https://github.com/crytic/slither/wiki/Detector-Documentation#reentrancy-vulnerabilities-3
INFO:Detectors:
Detector: reentrancy-events
Reentrancy in MyNFT._mintInternal(address,string) (contracts/MyNFT.sol#229-245):
	External calls:
	- _safeMint(to,tokenId) (contracts/MyNFT.sol#243)
		- ERC721Utils.checkOnERC721Received(_msgSender(),address(0),to,tokenId,data) (node_modules/@openzeppelin/contracts/token/ERC721/ERC721.sol#289)
		- retval = IERC721Receiver(to).onERC721Received(operator,from,tokenId,data) (node_modules/@openzeppelin/contracts/token/ERC721/utils/ERC721Utils.sol#33-47)
	Event emitted after the call(s):
	- MetadataUpdate(tokenId) (node_modules/@openzeppelin/contracts/token/ERC721/extensions/ERC721URIStorage.sol#53)
		- _setTokenURI(tokenId,uri) (contracts/MyNFT.sol#244)
Reentrancy in MyNFT.adminMintWithTokenId(address,uint256,string) (contracts/MyNFT.sol#220-226):
	External calls:
	- _safeMint(to,tokenId) (contracts/MyNFT.sol#224)
		- ERC721Utils.checkOnERC721Received(_msgSender(),address(0),to,tokenId,data) (node_modules/@openzeppelin/contracts/token/ERC721/ERC721.sol#289)
		- retval = IERC721Receiver(to).onERC721Received(operator,from,tokenId,data) (node_modules/@openzeppelin/contracts/token/ERC721/utils/ERC721Utils.sol#33-47)
	Event emitted after the call(s):
	- MetadataUpdate(tokenId) (node_modules/@openzeppelin/contracts/token/ERC721/extensions/ERC721URIStorage.sol#53)
		- _setTokenURI(tokenId,uri) (contracts/MyNFT.sol#225)
Reference: https://github.com/crytic/slither/wiki/Detector-Documentation#reentrancy-vulnerabilities-4
INFO:Detectors:
Detector: timestamp
HelloWeb3.getEntry(uint256) (contracts/HelloWeb3.sol#58-66) uses timestamp for comparisons
	Dangerous comparisons:
	- require(bool,string)(index < _history.length,index out of range) (contracts/HelloWeb3.sol#63)
SimpleMarket.fulfillListing(SimpleMarket.ListingIntent,address,bytes) (contracts/SimpleMarket.sol#573-625) uses timestamp for comparisons
	Dangerous comparisons:
	- block.timestamp > intent.deadline (contracts/SimpleMarket.sol#580)
Reference: https://github.com/crytic/slither/wiki/Detector-Documentation#block-timestamp
INFO:Detectors:
Detector: pragma
7 different versions of Solidity are used:
	- Version constraint ^0.8.20 is used by:
		-^0.8.20 (node_modules/@openzeppelin/contracts/access/AccessControl.sol#4)
		-^0.8.20 (node_modules/@openzeppelin/contracts/access/Ownable.sol#4)
		-^0.8.20 (node_modules/@openzeppelin/contracts/access/Ownable2Step.sol#4)
		-^0.8.20 (node_modules/@openzeppelin/contracts/governance/TimelockController.sol#4)
		-^0.8.20 (node_modules/@openzeppelin/contracts/token/ERC1155/utils/ERC1155Holder.sol#4)
		-^0.8.20 (node_modules/@openzeppelin/contracts/token/ERC20/ERC20.sol#4)
		-^0.8.20 (node_modules/@openzeppelin/contracts/token/ERC20/extensions/ERC20Burnable.sol#4)
		-^0.8.20 (node_modules/@openzeppelin/contracts/token/ERC721/utils/ERC721Holder.sol#4)
		-^0.8.20 (node_modules/@openzeppelin/contracts/token/ERC721/utils/ERC721Utils.sol#4)
		-^0.8.20 (node_modules/@openzeppelin/contracts/token/common/ERC2981.sol#4)
		-^0.8.20 (node_modules/@openzeppelin/contracts/utils/Address.sol#4)
		-^0.8.20 (node_modules/@openzeppelin/contracts/utils/Context.sol#4)
		-^0.8.20 (node_modules/@openzeppelin/contracts/utils/Errors.sol#4)
		-^0.8.20 (node_modules/@openzeppelin/contracts/utils/LowLevelCall.sol#4)
		-^0.8.20 (node_modules/@openzeppelin/contracts/utils/Panic.sol#4)
		-^0.8.20 (node_modules/@openzeppelin/contracts/utils/Pausable.sol#4)
		-^0.8.20 (node_modules/@openzeppelin/contracts/utils/ReentrancyGuard.sol#4)
		-^0.8.20 (node_modules/@openzeppelin/contracts/utils/ShortStrings.sol#4)
		-^0.8.20 (node_modules/@openzeppelin/contracts/utils/StorageSlot.sol#5)
		-^0.8.20 (node_modules/@openzeppelin/contracts/utils/cryptography/ECDSA.sol#4)
		-^0.8.20 (node_modules/@openzeppelin/contracts/utils/introspection/ERC165.sol#4)
		-^0.8.20 (node_modules/@openzeppelin/contracts/utils/math/Math.sol#4)
		-^0.8.20 (node_modules/@openzeppelin/contracts/utils/math/SafeCast.sol#5)
		-^0.8.20 (node_modules/@openzeppelin/contracts/utils/math/SignedMath.sol#4)
		-^0.8.20 (contracts/MarketTimelock.sol#2)
	- Version constraint >=0.8.4 is used by:
		->=0.8.4 (node_modules/@openzeppelin/contracts/access/IAccessControl.sol#4)
		->=0.8.4 (node_modules/@openzeppelin/contracts/interfaces/draft-IERC6093.sol#4)
	- Version constraint >=0.5.0 is used by:
		->=0.5.0 (node_modules/@openzeppelin/contracts/interfaces/IERC1271.sol#4)
		->=0.5.0 (node_modules/@openzeppelin/contracts/interfaces/IERC7913.sol#4)
		->=0.5.0 (node_modules/@openzeppelin/contracts/token/ERC721/IERC721Receiver.sol#4)
	- Version constraint >=0.4.16 is used by:
		->=0.4.16 (node_modules/@openzeppelin/contracts/interfaces/IERC165.sol#4)
		->=0.4.16 (node_modules/@openzeppelin/contracts/interfaces/IERC5267.sol#4)
		->=0.4.16 (node_modules/@openzeppelin/contracts/token/ERC20/IERC20.sol#4)
		->=0.4.16 (node_modules/@openzeppelin/contracts/utils/introspection/IERC165.sol#4)
	- Version constraint >=0.6.2 is used by:
		->=0.6.2 (node_modules/@openzeppelin/contracts/interfaces/IERC2981.sol#4)
		->=0.6.2 (node_modules/@openzeppelin/contracts/interfaces/IERC4906.sol#4)
		->=0.6.2 (node_modules/@openzeppelin/contracts/interfaces/IERC721.sol#4)
		->=0.6.2 (node_modules/@openzeppelin/contracts/token/ERC1155/IERC1155Receiver.sol#4)
		->=0.6.2 (node_modules/@openzeppelin/contracts/token/ERC20/extensions/IERC20Metadata.sol#4)
		->=0.6.2 (node_modules/@openzeppelin/contracts/token/ERC721/IERC721.sol#4)
		->=0.6.2 (node_modules/@openzeppelin/contracts/token/ERC721/extensions/IERC721Enumerable.sol#4)
		->=0.6.2 (node_modules/@openzeppelin/contracts/token/ERC721/extensions/IERC721Metadata.sol#4)
	- Version constraint ^0.8.24 is used by:
		-^0.8.24 (node_modules/@openzeppelin/contracts/token/ERC721/ERC721.sol#4)
		-^0.8.24 (node_modules/@openzeppelin/contracts/token/ERC721/extensions/ERC721Enumerable.sol#4)
		-^0.8.24 (node_modules/@openzeppelin/contracts/token/ERC721/extensions/ERC721URIStorage.sol#4)
		-^0.8.24 (node_modules/@openzeppelin/contracts/utils/Bytes.sol#4)
		-^0.8.24 (node_modules/@openzeppelin/contracts/utils/Strings.sol#4)
		-^0.8.24 (node_modules/@openzeppelin/contracts/utils/cryptography/EIP712.sol#4)
		-^0.8.24 (node_modules/@openzeppelin/contracts/utils/cryptography/MessageHashUtils.sol#4)
		-^0.8.24 (node_modules/@openzeppelin/contracts/utils/cryptography/SignatureChecker.sol#4)
		-^0.8.24 (contracts/MultiSigOwner.sol#2)
		-^0.8.24 (contracts/MyNFT.sol#2)
		-^0.8.24 (contracts/SimpleMarket.sol#2)
		-^0.8.24 (contracts/mocks/MaliciousActors.sol#2)
	- Version constraint ^0.8.28 is used by:
		-^0.8.28 (contracts/HelloWeb3.sol#2)
		-^0.8.28 (contracts/MyToken.sol#2)
Reference: https://github.com/crytic/slither/wiki/Detector-Documentation#different-pragma-directives-are-used
INFO:Detectors:
Detector: dead-code
MyNFT._increaseBalance(address,uint128) (contracts/MyNFT.sol#548-553) is never used and should be removed
Reference: https://github.com/crytic/slither/wiki/Detector-Documentation#dead-code
INFO:Detectors:
Detector: solc-version
Version constraint ^0.8.20 contains known severe issues (https://solidity.readthedocs.io/en/latest/bugs.html)
	- VerbatimInvalidDeduplication
	- FullInlinerNonExpressionSplitArgumentEvaluationOrder
	- MissingSideEffectsOnSelectorAccess.
It is used by:
	- ^0.8.20 (node_modules/@openzeppelin/contracts/access/AccessControl.sol#4)
	- ^0.8.20 (node_modules/@openzeppelin/contracts/access/Ownable.sol#4)
	- ^0.8.20 (node_modules/@openzeppelin/contracts/access/Ownable2Step.sol#4)
	- ^0.8.20 (node_modules/@openzeppelin/contracts/governance/TimelockController.sol#4)
	- ^0.8.20 (node_modules/@openzeppelin/contracts/token/ERC1155/utils/ERC1155Holder.sol#4)
	- ^0.8.20 (node_modules/@openzeppelin/contracts/token/ERC20/ERC20.sol#4)
	- ^0.8.20 (node_modules/@openzeppelin/contracts/token/ERC20/extensions/ERC20Burnable.sol#4)
	- ^0.8.20 (node_modules/@openzeppelin/contracts/token/ERC721/utils/ERC721Holder.sol#4)
	- ^0.8.20 (node_modules/@openzeppelin/contracts/token/ERC721/utils/ERC721Utils.sol#4)
	- ^0.8.20 (node_modules/@openzeppelin/contracts/token/common/ERC2981.sol#4)
	- ^0.8.20 (node_modules/@openzeppelin/contracts/utils/Address.sol#4)
	- ^0.8.20 (node_modules/@openzeppelin/contracts/utils/Context.sol#4)
	- ^0.8.20 (node_modules/@openzeppelin/contracts/utils/Errors.sol#4)
	- ^0.8.20 (node_modules/@openzeppelin/contracts/utils/LowLevelCall.sol#4)
	- ^0.8.20 (node_modules/@openzeppelin/contracts/utils/Panic.sol#4)
	- ^0.8.20 (node_modules/@openzeppelin/contracts/utils/Pausable.sol#4)
	- ^0.8.20 (node_modules/@openzeppelin/contracts/utils/ReentrancyGuard.sol#4)
	- ^0.8.20 (node_modules/@openzeppelin/contracts/utils/ShortStrings.sol#4)
	- ^0.8.20 (node_modules/@openzeppelin/contracts/utils/StorageSlot.sol#5)
	- ^0.8.20 (node_modules/@openzeppelin/contracts/utils/cryptography/ECDSA.sol#4)
	- ^0.8.20 (node_modules/@openzeppelin/contracts/utils/introspection/ERC165.sol#4)
	- ^0.8.20 (node_modules/@openzeppelin/contracts/utils/math/Math.sol#4)
	- ^0.8.20 (node_modules/@openzeppelin/contracts/utils/math/SafeCast.sol#5)
	- ^0.8.20 (node_modules/@openzeppelin/contracts/utils/math/SignedMath.sol#4)
	- ^0.8.20 (contracts/MarketTimelock.sol#2)
Reference: https://github.com/crytic/slither/wiki/Detector-Documentation#incorrect-versions-of-solidity
INFO:Detectors:
Detector: low-level-calls
Low level call in MultiSigOwner.execute(uint256) (contracts/MultiSigOwner.sol#343-365):
	- (success,returnData) = transaction.to.call{value: transaction.value}(transaction.data) (contracts/MultiSigOwner.sol#361)
Low level call in SimpleMarket.buy(address,uint256) (contracts/SimpleMarket.sol#514-548):
	- (refundOk,None) = address(msg.sender).call{value: excess}() (contracts/SimpleMarket.sol#545)
Low level call in SimpleMarket.fulfillListing(SimpleMarket.ListingIntent,address,bytes) (contracts/SimpleMarket.sol#573-625):
	- (refundOk,None) = address(msg.sender).call{value: excess}() (contracts/SimpleMarket.sol#622)
Low level call in SimpleMarket.withdrawOffer(address,uint256) (contracts/SimpleMarket.sol#716-734):
	- (ok,None) = address(msg.sender).call{value: amount}() (contracts/SimpleMarket.sol#730)
Low level call in SimpleMarket.rejectOffer(address,uint256,address) (contracts/SimpleMarket.sol#754-780):
	- (ok,None) = address(bidder).call{value: amount}() (contracts/SimpleMarket.sol#772)
Low level call in SimpleMarket.withdrawPendingFunds() (contracts/SimpleMarket.sol#839-849):
	- (ok,None) = address(msg.sender).call{value: amount}() (contracts/SimpleMarket.sol#845)
Low level call in SimpleMarket._settleSale(address,uint256,address,address,uint256) (contracts/SimpleMarket.sol#871-903):
	- (ok,None) = address(seller).call{value: sellerProceeds}() (contracts/SimpleMarket.sol#899)
Low level call in SimpleMarket.withdrawRoyalties() (contracts/SimpleMarket.sol#1015-1025):
	- (ok,None) = address(msg.sender).call{value: amount}() (contracts/SimpleMarket.sol#1021)
Low level call in SimpleMarket.withdrawFees(address) (contracts/SimpleMarket.sol#1062-1073):
	- (ok,None) = address(to).call{value: amount}() (contracts/SimpleMarket.sol#1069)
Low level call in ReentrancyProbe.onERC721Received(address,address,uint256,bytes) (contracts/mocks/MaliciousActors.sol#258-274):
	- (ok,data) = address(market).call{value: price}(abi.encodeWithSignature(buy(address,uint256),nft,tokenId)) (contracts/mocks/MaliciousActors.sol#265-267)
Low level call in ReenteringFeeReceiver.receive() (contracts/mocks/MaliciousActors.sol#318-327):
	- (ok,data) = address(market).call(abi.encodeWithSignature(withdrawFees(address),address(this))) (contracts/mocks/MaliciousActors.sol#319-321)
Low level call in ReenteringOwner.receive() (contracts/mocks/MaliciousActors.sol#369-378):
	- (ok,data) = address(market).call(abi.encodeWithSignature(withdrawFees(address),address(this))) (contracts/mocks/MaliciousActors.sol#370-372)
Low level call in ReenteringRoyaltyReceiver.receive() (contracts/mocks/MaliciousActors.sol#479-489):
	- (ok,data) = address(market).call(abi.encodeWithSignature(withdrawRoyalties())) (contracts/mocks/MaliciousActors.sol#481-483)
Low level call in RejectingOfferBidder._probe(bytes,bool) (contracts/mocks/MaliciousActors.sol#558-573):
	- (ok,data) = address(market).call(callData) (contracts/mocks/MaliciousActors.sol#559)
Low level call in ReenteringOfferBidder.onERC721Received(address,address,uint256,bytes) (contracts/mocks/MaliciousActors.sol#631-665):
	- (ok,data) = address(market).call(abi.encodeWithSignature(acceptOffer(address,uint256,address),nft,tokenId,address(this))) (contracts/mocks/MaliciousActors.sol#635-642)
	- (rejectOk,rejectData) = address(market).call(abi.encodeWithSignature(rejectOffer(address,uint256,address),nft,tokenId,address(this))) (contracts/mocks/MaliciousActors.sol#651-658)
Low level call in FulfillListingProbe.onERC721Received(address,address,uint256,bytes) (contracts/mocks/MaliciousActors.sol#720-745):
	- (ok,data) = address(market).call{value: address(this).balance}(callData) (contracts/mocks/MaliciousActors.sol#734-736)
Reference: https://github.com/crytic/slither/wiki/Detector-Documentation#low-level-calls
INFO:Detectors:
Detector: immutable-states
FulfillListingProbe.reenter (contracts/mocks/MaliciousActors.sol#691) should be immutable 
FulfillListingProbe.rejectEth (contracts/mocks/MaliciousActors.sol#690) should be immutable 
HelloWeb3.owner (contracts/HelloWeb3.sol#19) should be immutable 
ReenteringFeeReceiver.market (contracts/mocks/MaliciousActors.sol#305) should be immutable 
ReenteringOwner.market (contracts/mocks/MaliciousActors.sol#345) should be immutable 
ReenteringRoyaltyReceiver.market (contracts/mocks/MaliciousActors.sol#458) should be immutable 
RejectingSeller.rejectEth (contracts/mocks/MaliciousActors.sol#94) should be immutable 
Reference: https://github.com/crytic/slither/wiki/Detector-Documentation#state-variables-that-could-be-declared-immutable
INFO:Slither:. analyzed (68 contracts with 102 detectors), 59 result(s) found
