◇ injected env (0) from .env // tip: ⌁ auth for agents [www.vestauth.com]
====================================================================
时间锁治理实战 —— Sepolia
====================================================================
  市场   : 0x71450D767f2b83722b88164316d7308DB20A39c8  当前费率 250 bps
  多签   : 0xC6b85AbB9A0c00495d75C8C52Ad922DD9B045317
  时间锁 : 0xdF0886dCFEB54538cDC9Df59BF0E7e3e061Ee119  公示 300 秒
  owner  : 0xdF0886dCFEB54538cDC9Df59BF0E7e3e061Ee119
  ✓ owner 已是时间锁，治理链路就绪

====================================================================
[动作一] 把费率从 250 改成 300 bps
====================================================================

  操作 id : 0x945c2835ab885b87871209a633c733763f66f5d416999917a0613b1a55cd1709
  当前状态: Unset

  多签提案 #6：schedule(setFeeBps(300))
  ✓ 账号 1 提交（提交即投第一票）
    https://sepolia.etherscan.io/tx/0x2365d259f043d0f8078f4ae1ed5e75e7fe36649eaff6eb275fbf66ece27a1967   (区块 11638848, gas 316040)
  ✓ 账号 2 补第二票
    https://sepolia.etherscan.io/tx/0xe2c55f8b7227985854fd27053a94450f6267234f94b2a9df11d2035626676302   (区块 11638849, gas 58155)
  ✓ 账号 1 触发执行
    https://sepolia.etherscan.io/tx/0x942f51e9a4056899998dbaaf2ffa976d3ab3e05b612c69f063e8143c45a2a7b1   (区块 11638850, gas 117963)

  抢跑测试：公示还没结束就执行（应当被拒）
  [被拒] execution reverted
  ✓ 公示期防护生效

  等待公示结束（脚本自动等待，不用管）……
  ⏳ setFeeBps(300)：还需等待 300 秒（15:19:24 可执行）
  ⏳ setFeeBps(300)：还需等待 276 秒（15:19:24 可执行）
  ⏳ setFeeBps(300)：还需等待 240 秒（15:19:24 可执行）
  ⏳ setFeeBps(300)：还需等待 216 秒（15:19:24 可执行）
  ⏳ setFeeBps(300)：还需等待 180 秒（15:19:24 可执行）
  ⏳ setFeeBps(300)：还需等待 144 秒（15:19:24 可执行）
  ⏳ setFeeBps(300)：还需等待 120 秒（15:19:24 可执行）
  ⏳ setFeeBps(300)：还需等待 84 秒（15:19:24 可执行）
  ⏳ setFeeBps(300)：还需等待 48 秒（15:19:24 可执行）
  ⏳ setFeeBps(300)：还需等待 24 秒（15:19:24 可执行）

  执行（任何人都能点，这里用账号 1 代劳）
  ✓ execute(setFeeBps(300))
    https://sepolia.etherscan.io/tx/0x553a140ea8a4392cd482a428aeab3a630cd2904af316d69f9e234f6ed5b00f27   (区块 11638875, gas 47298)

  校验：费率 = 300 bps → 已生效 ✓

====================================================================
[动作二] 把费率还原成 250 bps
====================================================================

  操作 id : 0x78883d4f44e283c7900d84ef2360e5f964505f046c702225c82355d51ea06c33
  当前状态: Unset

  多签提案 #7：schedule(setFeeBps(250))
  ✓ 账号 1 提交（提交即投第一票）
    https://sepolia.etherscan.io/tx/0x16853fd51d88f178cb4251a443164a6622316e716719cc23d739fe21e24cabcc   (区块 11638877, gas 316028)
  ✓ 账号 2 补第二票
    https://sepolia.etherscan.io/tx/0xd9f6cf69246b0a3f8f8575c2fa123a0ed1286ff7b3c9062bb873318ca74389b0   (区块 11638878, gas 58155)
  ✓ 账号 1 触发执行
    https://sepolia.etherscan.io/tx/0x37ff5c1b9aec076f4b377b7a91304be76172e24ef3469ab7dd9feef4680bbd47   (区块 11638880, gas 117963)

  抢跑测试：公示还没结束就执行（应当被拒）
  [被拒] execution reverted
  ✓ 公示期防护生效

  等待公示结束（脚本自动等待，不用管）……
  ⏳ setFeeBps(250)：还需等待 300 秒（15:25:48 可执行）
  ⏳ setFeeBps(250)：还需等待 276 秒（15:25:48 可执行）
  ⏳ setFeeBps(250)：还需等待 240 秒（15:25:48 可执行）
  ⏳ setFeeBps(250)：还需等待 204 秒（15:25:48 可执行）
  ⏳ setFeeBps(250)：还需等待 180 秒（15:25:48 可执行）
  ⏳ setFeeBps(250)：还需等待 144 秒（15:25:48 可执行）
  ⏳ setFeeBps(250)：还需等待 108 秒（15:25:48 可执行）
  ⏳ setFeeBps(250)：还需等待 84 秒（15:25:48 可执行）
  ⏳ setFeeBps(250)：还需等待 48 秒（15:25:48 可执行）
  ⏳ setFeeBps(250)：还需等待 36 秒（15:25:48 可执行）

  执行（任何人都能点，这里用账号 1 代劳）
  ✓ execute(setFeeBps(250))
    https://sepolia.etherscan.io/tx/0x3f29a6065ea18bad3b80f4d197dfe94d65036ca8a06c0e45d83d46f17abc4fee   (区块 11638906, gas 47286)

  校验：费率 = 250 bps → 已还原，零残留 ✓

====================================================================
[越权测试] 非多签成员想直接排队（应当被拒）
====================================================================
  [被拒] execution reverted
  ✓ 只有多签能发起排队，外部账号（即便是有钱有币的账号 3）也动不了

====================================================================
治理实战总结
====================================================================
  ✓ 多签提议 → 2 票通过 → 排队公示 300 秒 → 任何人执行 → 变更生效
  ✓ 公示期内抢跑：被拒
  ✓ 非多签成员排队：被拒
  ✓ 变更 + 还原全流程：零残留

  最终状态
    市场 owner : 0xdF0886dCFEB54538cDC9Df59BF0E7e3e061Ee119
    市场费率   : 250n bps
    多签提案数 : 8n

https://sepolia.etherscan.io/address/0xdF0886dCFEB54538cDC9Df59BF0E7e3e061Ee119

